// Jest Snapshot v1, https://goo.gl/fbAQLP

exports[`should render Loader correctly 1`] = `
<div
  className="makeStyles-root-1"
>
  <WithStyles(ForwardRef(CircularProgress)) />
</div>
`;
