// Jest Snapshot v1, https://goo.gl/fbAQLP

exports[`should render TemperatureCard correctly 1`] = `
<TemperatureCard
  data={
    Object {
      "avgTemp": "57.43",
      "date": "06 Jun 20",
    }
  }
/>
`;
